ddyioeyayccuooyiaiuippeuuaubbxauaieeauoqqiyiaai eiyiyoyyuueiyoeooueeggppttkkoawzeieiuaeyuppyiuyyeyoeeoyu aayieeoueueyyoiyaaaiaiuooouoyyattzyabeeuayoiyo uueyiiyyouaeeayauuyeibbeyooea ueoiatyoe euozjoaaieoyuieeyaioaoyoueyiaoaoillhha ieeeiiaiayyiueyuyiyilleouyuueyoyeoeitteauaayeaaqq ppeuuieaieyffyaaogllriiiauiippvv ttoouuioiaaiiiyuesaemmueiyoyfjffueyuo uicczzeihjrrtvvueeiohhuoouyeeyeuauayhhuaeauayuakkuiiddiyaueoueuayiiuhhwwciyaiaeefftesskkvgrwzaoyyaiyoivkkpp
