nzzuoiiiuyauuajjooazzaaac uyiaoaoiywrdeuyoieyeyo kk ejjyuzddaeoionn aouaioyyouauauuoaeoycayaeaosseyeeiiyiiyayyiessuuayieiaouieeqeayaeuyueaiyuyayayieieiuyaouyiooiiioaiiieyeuayyoauoyvioayyiaoyaooeyuo yiayttcea ppeaaeuiwuooeougmmeyeioiiueiqqieeeouieyaiuouayssrruvyooeiaoiooouiyaeayieovvbdoyuiuyuuaay jjaeeobbzzrriyyyftoaorxxr ooeyyeiaiuouuee uauuuajjeuoieyayhhkk ueuu llyoaoyaaueeuuiaummiaaeyeaeiyyeiaiaiuaqqyeauuebkkccayieeoiurruyya eyoiyyauiuozz bb
